Microchip MPLAB XC8 Compiler V2.50

Linker command line:

-W-3 \
  --edf=C:\Program Files\Microchip\xc8\v2.50\pic\dat\20240725155939_en.msgs \
  -cn -h+dist/default/production\ESP8266.X.production.sym \
  --cmf=dist/default/production\ESP8266.X.production.cmf -z -Q16F628A \
  -oC:\Users\FAMILI~1\AppData\Local\Temp\xcAs8gs.\driver_tmp_3.o \
  --defsym=__MPLAB_BUILD=1 --fixupoverflow=error \
  -Mdist/default/production/ESP8266.X.production.map \
  --md=C:\Users\FAMILI~1\AppData\Local\Temp\xcAs8gs.\driver_tmp_0.dat -E1 \
  -ver=XC8 Compiler --acfsm=1493 -ACODE=00h-07FFh -ASTRCODE=00h-07FFh \
  -ASTRING=00h-0FFhx8 -ACONST=00h-0FFhx8 -AENTRY=00h-0FFhx8 \
  -ACOMMON=070h-07Fh -ABANK0=020h-06Fh -ABANK1=0A0h-0EFh \
  -ABANK2=0120h-014Fh -ARAM=020h-06Fh,0A0h-0EFh,0120h-014Fh \
  -AABS1=020h-07Fh,0A0h-0EFh,0120h-014Fh -ASFR0=00h-01Fh -ASFR1=080h-09Fh \
  -ASFR2=0100h-011Fh -ASFR3=0180h-01EFh -ACONFIG=02007h-02007h -DCONFIG=2 \
  -AIDLOC=02000h-02003h -DIDLOC=2 -AEEDATA=00h-07Fh/02100h \
  -peeprom_data=EEDATA -DEEDATA=2 -DCODE=2 -DSTRCODE=2 -DSTRING=2 -DCONST=2 \
  -DENTRY=2 -preset_vec=00h,intentry=04h,sivt,init,end_init -ppowerup=CODE \
  -pcinit=CODE -pfunctab=ENTRY -k \
  C:\Users\FAMILI~1\AppData\Local\Temp\xcAs8gs.\driver_tmp_12.o \
  dist/default/production\ESP8266.X.production.o 

Object code version is 3.11

Machine type is 16F628A



                Name                               Link     Load   Length Selector   Space Scale
C:\Users\FAMILI~1\AppData\Local\Temp\xcAs8gs.\driver_tmp_12.o
                end_init                              E        E        1        8       0
                reset_vec                             0        0        1        0       0
                config                             2007     2007        1        0       4
                idloc                              2000     2000        4        0       5
dist/default/production\ESP8266.X.production.o
                cinit                                 F        F        7        8       0
                intentry                              4        4        A        8       0
                config                             2007     2007        1        0       4
                idloc                              2000     2000        4        0       5
                text7                               247      247        F      30E       0
                text6                               1C0      1C0       2B      30E       0
                text5                               1EB      1EB       28      30E       0
                text4                               187      187       39      30E       0
                text3                               213      213       1D      30E       0
                text2                               256      256        E      30E       0
                text1                               230      230       17      30E       0
                maintext                             16       16      123        8       0
                cstackBANK0                          34       34        7       20       1
                cstackCOMMON                         70       70        B       70       1
                clrtext                             264      264        8      30E       0
                bssBANK0                             20       20       14       20       1
                strings                             139      139       4E      272       0

TOTAL           Name                               Link     Load   Length     Space
        CLASS   CODE           
                end_init                              E        E        1         0
                cinit                                 F        F        7         0
                intentry                              4        4        A         0
                reset_vec                             0        0        1         0
                text7                               247      247        F         0
                text6                               1C0      1C0       2B         0
                text5                               1EB      1EB       28         0
                text4                               187      187       39         0
                text3                               213      213       1D         0
                text2                               256      256        E         0
                text1                               230      230       17         0
                maintext                             16       16      123         0
                clrtext                             264      264        8         0

        CLASS   STRCODE        

        CLASS   STRING         
                strings                             139      139       4E         0

        CLASS   CONST          

        CLASS   ENTRY          

        CLASS   COMMON         
                cstackCOMMON                         70       70        B         1

        CLASS   BANK0          
                cstackBANK0                          34       34        7         1
                bssBANK0                             20       20       14         1

        CLASS   BANK1          

        CLASS   BANK2          

        CLASS   RAM            

        CLASS   ABS1           
                abs_s1                               7E       7E        2         1

        CLASS   SFR0           

        CLASS   SFR1           

        CLASS   SFR2           

        CLASS   SFR3           

        CLASS   CONFIG         
                config                             2007     2007        1         4

        CLASS   IDLOC          
                idloc                              2000     2000        4         5

        CLASS   EEDATA         

        CLASS   BANK3          

        CLASS   HEAP           

        CLASS   STACK          



SEGMENTS        Name                           Load    Length   Top    Selector   Space  Class     Delta

                reset_vec                      000000  000001  000001         0       0  CODE        2
                intentry                       000004  000135  000139         8       0  CODE        2
                bssBANK0                       000020  00001B  00003B        20       1  BANK0       1
                cstackCOMMON                   000070  00000B  00007B        70       1  COMMON      1
                strings                        000139  00004E  000187       272       0  STRING      2
                text4                          000187  0000E5  00026C       30E       0  CODE        2


UNUSED ADDRESS RANGES

        Name                Unused          Largest block    Delta
        BANK0            003B-006F             35           1
        BANK1            00A0-00EF             50           1
        BANK2            0120-014F             30           1
        CODE             0001-0003              3           2
                         026C-07FF            594
        COMMON           007B-007D              3           1
        CONST            0001-0003              3           2
                         026C-07FF            100
        EEDATA           2100-217F             80           2
        ENTRY            0001-0003              3           2
                         026C-07FF            100
        RAM              003B-006F             35           1
                         00A0-00EF             50
                         0120-014F             30
        SFR0             0000-001F             20           1
        SFR1             0080-009F             20           1
        SFR2             0100-011F             20           1
        SFR3             0180-01EF             70           1
        STRCODE          0001-0003              3           2
                         026C-07FF            594
        STRING           0001-0003              3           2
                         026C-07FF            100

                                  Symbol Table

?_strcmp                  cstackCOMMON 0070
Uart_Init@baudios         cstackBANK0  0034
Uart_Read_String@Buf      cstackCOMMON 0070
Uart_Read_String@c        cstackCOMMON 0074
Uart_Read_String@cont_buf cstackCOMMON 0075
Uart_Read_String@s_buf    cstackCOMMON 0071
Uart_Send_Char@INFO       cstackBANK0  0034
Uart_Send_String@INFO     cstackBANK0  0035
Uart_Send_String@W        cstackBANK0  0036
_CMCON                    (abs)        001F
_INTCONbits               (abs)        000B
_OPTION_REGbits           (abs)        0081
_PIE1bits                 (abs)        008C
_PIR1bits                 (abs)        000C
_PORTA                    (abs)        0005
_PORTB                    (abs)        0006
_PORTBbits                (abs)        0006
_RCREG                    (abs)        001A
_RCSTAbits                (abs)        0018
_RX_DATO                  text4        0187
_SPBRG                    (abs)        0099
_TRISA                    (abs)        0085
_TRISB                    (abs)        0086
_TRISBbits                (abs)        0086
_TXREG                    (abs)        0019
_TXSTAbits                (abs)        0098
_Uart_Init                text3        0213
_Uart_Read                text7        0247
_Uart_Read_String         text6        01C0
_Uart_Send_Char           text2        0256
_Uart_Send_String         text1        0230
__H__absolute__           __absolute__ 0000
__Habs1                   abs1         0000
__Hbank0                  bank0        0000
__Hbank1                  bank1        0000
__Hbank2                  bank2        0000
__Hbank3                  bank3        0000
__HbssBANK0               bssBANK0     0000
__Hcinit                  cinit        0016
__Hclrtext                clrtext      0000
__Hcode                   code         0000
__Hcommon                 common       0000
__Hconfig                 config       2008
__HcstackBANK0            cstackBANK0  0000
__HcstackCOMMON           cstackCOMMON 0000
__Heeprom_data            eeprom_data  0000
__Hend_init               end_init     000F
__Hfunctab                functab      0000
__Hheap                   heap         0000
__Hidloc                  idloc        2004
__Hinit                   init         000E
__Hintentry               intentry     000E
__Hmaintext               maintext     0000
__Hpowerup                powerup      0000
__Hram                    ram          0000
__Hreset_vec              reset_vec    0001
__Hsfr0                   sfr0         0000
__Hsfr1                   sfr1         0000
__Hsfr2                   sfr2         0000
__Hsfr3                   sfr3         0000
__Hsivt                   sivt         000E
__Hspace_0                (abs)        026C
__Hspace_1                (abs)        007B
__Hspace_2                (abs)        0000
__Hspace_3                (abs)        0000
__Hspace_4                (abs)        400F
__Hstack                  stack        0000
__Hstrings                strings      0000
__Htext                   text         0000
__L__absolute__           __absolute__ 0000
__Labs1                   abs1         0000
__Lbank0                  bank0        0000
__Lbank1                  bank1        0000
__Lbank2                  bank2        0000
__Lbank3                  bank3        0000
__LbssBANK0               bssBANK0     0000
__Lcinit                  cinit        000F
__Lclrtext                clrtext      0000
__Lcode                   code         0000
__Lcommon                 common       0000
__Lconfig                 config       0000
__LcstackBANK0            cstackBANK0  0000
__LcstackCOMMON           cstackCOMMON 0000
__Leeprom_data            eeprom_data  0000
__Lend_init               end_init     000E
__Lfunctab                functab      0000
__Lheap                   heap         0000
__Lidloc                  idloc        0000
__Linit                   init         000E
__Lintentry               intentry     0004
__Lmaintext               maintext     0000
__Lpowerup                powerup      0000
__Lram                    ram          0000
__Lreset_vec              reset_vec    0000
__Lsfr0                   sfr0         0000
__Lsfr1                   sfr1         0000
__Lsfr2                   sfr2         0000
__Lsfr3                   sfr3         0000
__Lsivt                   sivt         000E
__Lspace_0                (abs)        0000
__Lspace_1                (abs)        0000
__Lspace_2                (abs)        0000
__Lspace_3                (abs)        0000
__Lspace_4                (abs)        0000
__Lstack                  stack        0000
__Lstrings                strings      0000
__Ltext                   text         0000
__S0                      (abs)        026C
__S1                      (abs)        007B
__S3                      (abs)        0000
___heap_hi                (abs)        0000
___heap_lo                (abs)        0000
___int_sp                 stack        0000
___int_stack_hi           stack        0000
___int_stack_lo           stack        0000
___latbits                (abs)        0000
___sp                     stack        0000
___stack_hi               stack        0000
___stack_lo               stack        0000
___stackhi                (abs)        0000
___stacklo                (abs)        0000
__end_of_RX_DATO          text4        01C0
__end_of_Uart_Init        text3        0230
__end_of_Uart_Read        text7        0256
__end_of_Uart_Read_String text6        01EB
__end_of_Uart_Send_Char   text2        0264
__end_of_Uart_Send_String text1        0247
__end_of__initialization  cinit        0014
__end_of__stringtab       strings      013F
__end_of_main             maintext     0139
__end_of_strcmp           text5        0213
__initialization          cinit        000F
__pbssBANK0               bssBANK0     0020
__pcstackBANK0            cstackBANK0  0034
__pcstackCOMMON           cstackCOMMON 0070
__pintentry               intentry     0004
__pmaintext               maintext     0016
__pstrings                strings      0139
__ptext1                  text1        0230
__ptext2                  text2        0256
__ptext3                  text3        0213
__ptext4                  text4        0187
__ptext5                  text5        01EB
__ptext6                  text6        01C0
__ptext7                  text7        0247
__stringbase              strings      013E
__stringtab               strings      0139
_cadena                   bssBANK0     0020
_main                     maintext     0016
_strcmp                   text5        01EB
btemp                     (abs)        007E
clear_ram0                clrtext      0264
end_of_initialization     cinit        0014
interrupt_function        intentry     0004
intlevel0                 functab      0000
intlevel1                 functab      0000
intlevel2                 functab      0000
intlevel3                 functab      0000
intlevel4                 functab      0000
intlevel5                 functab      0000
main@a                    cstackBANK0  003A
reset_vec                 reset_vec    0000
saved_w                   (abs)        007E
start                     init         000E
start_initialization      cinit        000F
strcmp@l                  cstackCOMMON 0070
strcmp@r                  cstackCOMMON 0071
wtemp0                    (abs)        007E


MODULE INFORMATION

Module		Function		Class		Link	Load	Size
C:\Program Files\Microchip\xc8\v2.50\pic\sources\c99\common\strcmp.c
		_strcmp        		CODE           	01EB	0000	40

C:\Program Files\Microchip\xc8\v2.50\pic\sources\c99\common\strcmp.c estimated size: 40

shared
		__stringtab    		STRING         	0139	0000	6
		__initialization		CODE           	000F	0000	5

shared estimated size: 11

main.c
		_RX_DATO       		CODE           	0187	0000	57
		_main          		CODE           	0016	0000	291

main.c estimated size: 348

RS-232.c
		_Uart_Init     		CODE           	0213	0000	29
		_Uart_Read_String		CODE           	01C0	0000	43
		_Uart_Send_String		CODE           	0230	0000	23
		_Uart_Send_Char		CODE           	0256	0000	14
		_Uart_Read     		CODE           	0247	0000	15

RS-232.c estimated size: 124

